90.ox
oooooooooooooooooooooooooooooooooooooooooooooooooooooooooooooooooooooooooooooooooooooooooooooooooooooooooooooo
o.......................................oooooooooooooooooooooooooooooooooooooooooooooooooooooooooooooooooooooo
o.......................................oooooooooooooooooooooooooooooooooooooooooooooooooooooooooooooooooooooo
o.......................................oooooooooooooooooooooooooooooooooooooooooooooooooooooooooooooooooooooo
o.......................................oooooooooooooooooooooooooooooooooooooooooooooooooooooooooooooooooooooo
o.......................................oooooooooooooooooooooooooooooooooooooooooooooooooooooooooooooooooooooo
o.......................................oooooooooooooooooooooooooooooooooooooooooooooooooooooooooooooooooooooo
o.......................................oooooooooooooooooooooooooooooooooooooooooooooooooooooooooooooooooooooo
o.......................................oooooooooooooooooooooooooooooooooooooooooooooooooooooooooooooooooooooo
o.......................................oooooooooooooooooooooooooooooooooooooooooooooooooooooooooooooooooooooo
o.......................................oooooooooooooooooooooooooooooooooooooooooooooooooooooooooooooooooooooo
o.......................................oooooooooooooooooooooooooooooooooooooooooooooooooooooooooooooooooooooo
o.......................................oooooooooooooooooooooooooooooooooooooooooooooooooooooooooooooooooooooo
o.......................................oooooooooooooooooooooooooooooooooooooooooooooooooooooooooooooooooooooo
o.......................................oooooooooooooooooooooooooooooooooooooooooooooooooooooooooooooooooooooo
o.......................................oooooooooooooooooooooooooooooooooooooooooooooooooooooooooooooooooooooo
o.......................................oooooooooooooooooooooooooooooooooooooooooooooooooooooooooooooooooooooo
o.......................................oooooooooooooooooooooooooooooooooooooooooooooooooooooooooooooooooooooo
o.......................................oooooooooooooooooooooooooooooooooooooooooooooooooooooooooooooooooooooo
o.......................................oooooooooooooooooooooooooooooooooooooooooooooooooooooooooooooooooooooo
o.......................................oooooooooooooooooooooooooooooooooooooooooooooooooooooooooooooooooooooo
o.......................................oooooooooooooooooooooooooooooooooooooooooooooooooooooooooooooooooooooo
o.......................................oooooooooooooooooooooooooooooooooooooooooooooooooooooooooooooooooooooo
o.......................................oooooooooooooooooooooooooooooooooooooooooooooooooooooooooooooooooooooo
o.......................................oooooooooooooooooooooooooooooooooooooooooooooooooooooooooooooooooooooo
o.......................................oooooooooooooooooooooooooooooooooooooooooooooooooooooooooooooooooooooo
o.......................................oooooooooooooooooooooooooooooooooooooooooooooooooooooooooooooooooooooo
o.......................................oooooooooooooooooooooooooooooooooooooooooooooooooooooooooooooooooooooo
o.......................................oooooooooooooooooooooooooooooooooooooooooooooooooooooooooooooooooooooo
o.......................................oooooooooooooooooooooooooooooooooooooooooooooooooooooooooooooooooooooo
o.......................................oooooooooooooooooooooooooooooooooooooooooooooooooooooooooooooooooooooo
o.......................................oooooooooooooooooooooooooooooooooooooooooooooooooooooooooooooooooooooo
o.......................................oooooooooooooooooooooooooooooooooooooooooooooooooooooooooooooooooooooo
o.......................................oooooooooooooooooooooooooooooooooooooooooooooooooooooooooooooooooooooo
o.......................................oooooooooooooooooooooooooooooooooooooooooooooooooooooooooooooooooooooo
o.......................................oooooooooooooooooooooooooooooooooooooooooooooooooooooooooooooooooooooo
o.......................................oooooooooooooooooooooooooooooooooooooooooooooooooooooooooooooooooooooo
o.......................................oooooooooooooooooooooooooooooooooooooooooooooooooooooooooooooooooooooo
o.......................................oooooooooooooooooooooooooooooooooooooooooooooooooooooooooooooooooooooo
o.......................................oooooooooooooooooooooooooooooooooooooooooooooooooooooooooooooooooooooo
oooooooooooooooooooooooooooooooooooooooooooooooooooooooooooooooooooooooooooooooooooooooooooooooooooooooooooooo
oooooooooooooooooooooooooooooooooooooooooooooooooooooooooooooooooooooooooooooooooooooooooooooooooooooooooooooo
oooooooooooooooooooooooooooooooooooooooooooooooooooooooooooooooooooooooooooooooooooooooooooooooooooooooooooooo
oooooooooooooooooooooooooooooooooooooooooooooooooooooooooooooooooooooooooooooooooooooooooooooooooooooooooooooo
oooooooooooooooooooooooooooooooooooooooooooooooooooooooooooooooooooooooooooooooooooooooooooooooooooooooooooooo
oooooooooooooooooooooooooooooooooooooooooooooooooooooooooooooooooooooooooooooooooooooooooooooooooooooooooooooo
oooooooooooooooooooooooooooooooooooooooooooooooooooooooooooooooooooooooooooooooooooooooooooooooooooooooooooooo
oooooooooooooooooooooooooooooooooooooooooooooooooooooooooooooooooooooooooooooooooooooooooooooooooooooooooooooo
oooooooooooooooooooooooooooooooooooooooooooooooooooooooooooooooooooooooooooooooooooooooooooooooooooooooooooooo
ooooooooooooooooooooooooooooooooooooooooooooooooooooooooooooooooooooo........................................o
ooooooooooooooooooooooooooooooooooooooooooooooooooooooooooooooooooooo........................................o
ooooooooooooooooooooooooooooooooooooooooooooooooooooooooooooooooooooo........................................o
ooooooooooooooooooooooooooooooooooooooooooooooooooooooooooooooooooooo........................................o
ooooooooooooooooooooooooooooooooooooooooooooooooooooooooooooooooooooo........................................o
ooooooooooooooooooooooooooooooooooooooooooooooooooooooooooooooooooooo........................................o
ooooooooooooooooooooooooooooooooooooooooooooooooooooooooooooooooooooo........................................o
ooooooooooooooooooooooooooooooooooooooooooooooooooooooooooooooooooooo........................................o
ooooooooooooooooooooooooooooooooooooooooooooooooooooooooooooooooooooo........................................o
ooooooooooooooooooooooooooooooooooooooooooooooooooooooooooooooooooooo........................................o
ooooooooooooooooooooooooooooooooooooooooooooooooooooooooooooooooooooo........................................o
ooooooooooooooooooooooooooooooooooooooooooooooooooooooooooooooooooooo........................................o
ooooooooooooooooooooooooooooooooooooooooooooooooooooooooooooooooooooo........................................o
ooooooooooooooooooooooooooooooooooooooooooooooooooooooooooooooooooooo........................................o
ooooooooooooooooooooooooooooooooooooooooooooooooooooooooooooooooooooo........................................o
ooooooooooooooooooooooooooooooooooooooooooooooooooooooooooooooooooooo........................................o
ooooooooooooooooooooooooooooooooooooooooooooooooooooooooooooooooooooo........................................o
ooooooooooooooooooooooooooooooooooooooooooooooooooooooooooooooooooooo........................................o
ooooooooooooooooooooooooooooooooooooooooooooooooooooooooooooooooooooo........................................o
ooooooooooooooooooooooooooooooooooooooooooooooooooooooooooooooooooooo........................................o
ooooooooooooooooooooooooooooooooooooooooooooooooooooooooooooooooooooo........................................o
ooooooooooooooooooooooooooooooooooooooooooooooooooooooooooooooooooooo........................................o
ooooooooooooooooooooooooooooooooooooooooooooooooooooooooooooooooooooo........................................o
ooooooooooooooooooooooooooooooooooooooooooooooooooooooooooooooooooooo........................................o
ooooooooooooooooooooooooooooooooooooooooooooooooooooooooooooooooooooo........................................o
ooooooooooooooooooooooooooooooooooooooooooooooooooooooooooooooooooooo........................................o
ooooooooooooooooooooooooooooooooooooooooooooooooooooooooooooooooooooo........................................o
ooooooooooooooooooooooooooooooooooooooooooooooooooooooooooooooooooooo........................................o
ooooooooooooooooooooooooooooooooooooooooooooooooooooooooooooooooooooo........................................o
ooooooooooooooooooooooooooooooooooooooooooooooooooooooooooooooooooooo........................................o
ooooooooooooooooooooooooooooooooooooooooooooooooooooooooooooooooooooo........................................o
ooooooooooooooooooooooooooooooooooooooooooooooooooooooooooooooooooooo........................................o
ooooooooooooooooooooooooooooooooooooooooooooooooooooooooooooooooooooo........................................o
ooooooooooooooooooooooooooooooooooooooooooooooooooooooooooooooooooooo........................................o
ooooooooooooooooooooooooooooooooooooooooooooooooooooooooooooooooooooo........................................o
ooooooooooooooooooooooooooooooooooooooooooooooooooooooooooooooooooooo........................................o
ooooooooooooooooooooooooooooooooooooooooooooooooooooooooooooooooooooo........................................o
ooooooooooooooooooooooooooooooooooooooooooooooooooooooooooooooooooooo........................................o
ooooooooooooooooooooooooooooooooooooooooooooooooooooooooooooooooooooo........................................o
ooooooooooooooooooooooooooooooooooooooooooooooooooooooooooooooooooooo........................................o
oooooooooooooooooooooooooooooooooooooooooooooooooooooooooooooooooooooooooooooooooooooooooooooooooooooooooooooo
